// Jest Snapshot v1, https://goo.gl/fbAQLP

exports[`execute classes array types 1`] = `
"export class SG721Client implements SG721Instance {
  client: SigningCosmWasmClient;
  sender: string;
  contractAddress: string;

  constructor(client: SigningCosmWasmClient, sender: string, contractAddress: string) {
    this.client = client;
    this.sender = sender;
    this.contractAddress = contractAddress;
    this.transferNft = this.transferNft.bind(this);
    this.sendNft = this.sendNft.bind(this);
    this.approve = this.approve.bind(this);
    this.revoke = this.revoke.bind(this);
    this.approveAll = this.approveAll.bind(this);
    this.revokeAll = this.revokeAll.bind(this);
    this.mint = this.mint.bind(this);
    this.burn = this.burn.bind(this);
  }

  transferNft = async ({
    recipient,
    tokenId
  }: {
    recipient: string;
    tokenId: string;
  }, fee: number | StdFee | \\"auto\\" = \\"auto\\", memo?: string, _funds?: Coin[]): Promise<ExecuteResult> => {
    return await this.client.execute(this.sender, this.contractAddress, {
      transfer_nft: {
        recipient,
        token_id: tokenId
      }
    }, fee, memo, _funds);
  };
  sendNft = async ({
    contract,
    msg,
    tokenId
  }: {
    contract: string;
    msg: Binary;
    tokenId: string;
  }, fee: number | StdFee | \\"auto\\" = \\"auto\\", memo?: string, _funds?: Coin[]): Promise<ExecuteResult> => {
    return await this.client.execute(this.sender, this.contractAddress, {
      send_nft: {
        contract,
        msg,
        token_id: tokenId
      }
    }, fee, memo, _funds);
  };
  approve = async ({
    expires,
    spender,
    tokenId
  }: {
    expires?: Expiration;
    spender: string;
    tokenId: string;
  }, fee: number | StdFee | \\"auto\\" = \\"auto\\", memo?: string, _funds?: Coin[]): Promise<ExecuteResult> => {
    return await this.client.execute(this.sender, this.contractAddress, {
      approve: {
        expires,
        spender,
        token_id: tokenId
      }
    }, fee, memo, _funds);
  };
  revoke = async ({
    spender,
    tokenId
  }: {
    spender: string;
    tokenId: string;
  }, fee: number | StdFee | \\"auto\\" = \\"auto\\", memo?: string, _funds?: Coin[]): Promise<ExecuteResult> => {
    return await this.client.execute(this.sender, this.contractAddress, {
      revoke: {
        spender,
        token_id: tokenId
      }
    }, fee, memo, _funds);
  };
  approveAll = async ({
    expires,
    operator
  }: {
    expires?: Expiration;
    operator: string;
  }, fee: number | StdFee | \\"auto\\" = \\"auto\\", memo?: string, _funds?: Coin[]): Promise<ExecuteResult> => {
    return await this.client.execute(this.sender, this.contractAddress, {
      approve_all: {
        expires,
        operator
      }
    }, fee, memo, _funds);
  };
  revokeAll = async ({
    operator
  }: {
    operator: string;
  }, fee: number | StdFee | \\"auto\\" = \\"auto\\", memo?: string, _funds?: Coin[]): Promise<ExecuteResult> => {
    return await this.client.execute(this.sender, this.contractAddress, {
      revoke_all: {
        operator
      }
    }, fee, memo, _funds);
  };
  mint = async ({
    extension,
    owner,
    tokenId,
    tokenUri
  }: {
    extension: Empty;
    owner: string;
    tokenId: string;
    tokenUri?: string;
  }, fee: number | StdFee | \\"auto\\" = \\"auto\\", memo?: string, _funds?: Coin[]): Promise<ExecuteResult> => {
    return await this.client.execute(this.sender, this.contractAddress, {
      mint: {
        extension,
        owner,
        token_id: tokenId,
        token_uri: tokenUri
      }
    }, fee, memo, _funds);
  };
  burn = async ({
    tokenId
  }: {
    tokenId: string;
  }, fee: number | StdFee | \\"auto\\" = \\"auto\\", memo?: string, _funds?: Coin[]): Promise<ExecuteResult> => {
    return await this.client.execute(this.sender, this.contractAddress, {
      burn: {
        token_id: tokenId
      }
    }, fee, memo, _funds);
  };
}"
`;

exports[`execute interfaces no extends 1`] = `
"export interface SG721Instance {
  contractAddress: string;
  sender: string;
  transferNft: ({
    recipient,
    tokenId
  }: {
    recipient: string;
    tokenId: string;
  }, fee?: number | StdFee | \\"auto\\", memo?: string, _funds?: Coin[]) => Promise<ExecuteResult>;
  sendNft: ({
    contract,
    msg,
    tokenId
  }: {
    contract: string;
    msg: Binary;
    tokenId: string;
  }, fee?: number | StdFee | \\"auto\\", memo?: string, _funds?: Coin[]) => Promise<ExecuteResult>;
  approve: ({
    expires,
    spender,
    tokenId
  }: {
    expires?: Expiration;
    spender: string;
    tokenId: string;
  }, fee?: number | StdFee | \\"auto\\", memo?: string, _funds?: Coin[]) => Promise<ExecuteResult>;
  revoke: ({
    spender,
    tokenId
  }: {
    spender: string;
    tokenId: string;
  }, fee?: number | StdFee | \\"auto\\", memo?: string, _funds?: Coin[]) => Promise<ExecuteResult>;
  approveAll: ({
    expires,
    operator
  }: {
    expires?: Expiration;
    operator: string;
  }, fee?: number | StdFee | \\"auto\\", memo?: string, _funds?: Coin[]) => Promise<ExecuteResult>;
  revokeAll: ({
    operator
  }: {
    operator: string;
  }, fee?: number | StdFee | \\"auto\\", memo?: string, _funds?: Coin[]) => Promise<ExecuteResult>;
  mint: ({
    extension,
    owner,
    tokenId,
    tokenUri
  }: {
    extension: Empty;
    owner: string;
    tokenId: string;
    tokenUri?: string;
  }, fee?: number | StdFee | \\"auto\\", memo?: string, _funds?: Coin[]) => Promise<ExecuteResult>;
  burn: ({
    tokenId
  }: {
    tokenId: string;
  }, fee?: number | StdFee | \\"auto\\", memo?: string, _funds?: Coin[]) => Promise<ExecuteResult>;
}"
`;

exports[`execute_msg_for__empty 1`] = `"export type ExecuteMsg_for_Empty = ExecuteMsg_for_Empty;"`;

exports[`query classes 1`] = `
"export class SG721QueryClient implements SG721ReadOnlyInstance {
  client: CosmWasmClient;
  contractAddress: string;

  constructor(client: CosmWasmClient, contractAddress: string) {
    this.client = client;
    this.contractAddress = contractAddress;
    this.transferNft = this.transferNft.bind(this);
    this.sendNft = this.sendNft.bind(this);
    this.approve = this.approve.bind(this);
    this.revoke = this.revoke.bind(this);
    this.approveAll = this.approveAll.bind(this);
    this.revokeAll = this.revokeAll.bind(this);
    this.mint = this.mint.bind(this);
    this.burn = this.burn.bind(this);
  }

  transferNft = async ({
    recipient,
    tokenId
  }: {
    recipient: string;
    tokenId: string;
  }): Promise<TransferNftResponse> => {
    return this.client.queryContractSmart(this.contractAddress, {
      transfer_nft: {
        recipient,
        token_id: tokenId
      }
    });
  };
  sendNft = async ({
    contract,
    msg,
    tokenId
  }: {
    contract: string;
    msg: Binary;
    tokenId: string;
  }): Promise<SendNftResponse> => {
    return this.client.queryContractSmart(this.contractAddress, {
      send_nft: {
        contract,
        msg,
        token_id: tokenId
      }
    });
  };
  approve = async ({
    expires,
    spender,
    tokenId
  }: {
    expires?: Expiration;
    spender: string;
    tokenId: string;
  }): Promise<ApproveResponse> => {
    return this.client.queryContractSmart(this.contractAddress, {
      approve: {
        expires,
        spender,
        token_id: tokenId
      }
    });
  };
  revoke = async ({
    spender,
    tokenId
  }: {
    spender: string;
    tokenId: string;
  }): Promise<RevokeResponse> => {
    return this.client.queryContractSmart(this.contractAddress, {
      revoke: {
        spender,
        token_id: tokenId
      }
    });
  };
  approveAll = async ({
    expires,
    operator
  }: {
    expires?: Expiration;
    operator: string;
  }): Promise<ApproveAllResponse> => {
    return this.client.queryContractSmart(this.contractAddress, {
      approve_all: {
        expires,
        operator
      }
    });
  };
  revokeAll = async ({
    operator
  }: {
    operator: string;
  }): Promise<RevokeAllResponse> => {
    return this.client.queryContractSmart(this.contractAddress, {
      revoke_all: {
        operator
      }
    });
  };
  mint = async ({
    extension,
    owner,
    tokenId,
    tokenUri
  }: {
    extension: Empty;
    owner: string;
    tokenId: string;
    tokenUri?: string;
  }): Promise<MintResponse> => {
    return this.client.queryContractSmart(this.contractAddress, {
      mint: {
        extension,
        owner,
        token_id: tokenId,
        token_uri: tokenUri
      }
    });
  };
  burn = async ({
    tokenId
  }: {
    tokenId: string;
  }): Promise<BurnResponse> => {
    return this.client.queryContractSmart(this.contractAddress, {
      burn: {
        token_id: tokenId
      }
    });
  };
}"
`;
