// Jest Snapshot v1, https://goo.gl/fbAQLP

exports[`options tsClient.enabled 1`] = `
TSBuilder {
  "files": Array [],
  "options": Object {
    "abstractApp": Object {
      "clientPrefix": "App",
      "enabled": false,
    },
    "bundle": Object {
      "bundleFile": "bundle.ts",
      "enabled": true,
      "scope": "contracts",
    },
    "client": Object {
      "enabled": true,
      "execExtendsQuery": true,
      "noImplicitOverride": false,
    },
    "enabled": true,
    "messageComposer": Object {
      "enabled": false,
    },
    "msgBuilder": Object {
      "enabled": false,
    },
    "reactQuery": Object {
      "camelize": true,
      "enabled": true,
      "mutations": false,
      "optionalClient": false,
      "queryKeys": false,
      "version": "v3",
    },
    "recoil": Object {
      "enabled": false,
    },
    "types": Object {
      "aliasExecuteMsg": false,
      "enabled": true,
    },
  },
  "plugins": Array [
    TypesPlugin {
      "option": Object {
        "abstractApp": Object {
          "clientPrefix": "App",
          "enabled": false,
        },
        "bundle": Object {
          "bundleFile": "bundle.ts",
          "enabled": true,
          "scope": "contracts",
        },
        "client": Object {
          "enabled": true,
          "execExtendsQuery": true,
          "noImplicitOverride": false,
        },
        "enabled": true,
        "messageComposer": Object {
          "enabled": false,
        },
        "msgBuilder": Object {
          "enabled": false,
        },
        "reactQuery": Object {
          "camelize": true,
          "enabled": true,
          "mutations": false,
          "optionalClient": false,
          "queryKeys": false,
          "version": "v3",
        },
        "recoil": Object {
          "enabled": false,
        },
        "types": Object {
          "aliasExecuteMsg": false,
          "enabled": true,
        },
      },
      "utils": undefined,
    },
    ClientPlugin {
      "option": Object {
        "abstractApp": Object {
          "clientPrefix": "App",
          "enabled": false,
        },
        "bundle": Object {
          "bundleFile": "bundle.ts",
          "enabled": true,
          "scope": "contracts",
        },
        "client": Object {
          "enabled": true,
          "execExtendsQuery": true,
          "noImplicitOverride": false,
        },
        "enabled": true,
        "messageComposer": Object {
          "enabled": false,
        },
        "msgBuilder": Object {
          "enabled": false,
        },
        "reactQuery": Object {
          "camelize": true,
          "enabled": true,
          "mutations": false,
          "optionalClient": false,
          "queryKeys": false,
          "version": "v3",
        },
        "recoil": Object {
          "enabled": false,
        },
        "types": Object {
          "aliasExecuteMsg": false,
          "enabled": true,
        },
      },
      "utils": undefined,
    },
    AbstractAppPlugin {
      "option": Object {
        "abstractApp": Object {
          "clientPrefix": "App",
          "enabled": false,
        },
        "bundle": Object {
          "bundleFile": "bundle.ts",
          "enabled": true,
          "scope": "contracts",
        },
        "client": Object {
          "enabled": true,
          "execExtendsQuery": true,
          "noImplicitOverride": false,
        },
        "enabled": true,
        "messageComposer": Object {
          "enabled": false,
        },
        "msgBuilder": Object {
          "enabled": false,
        },
        "reactQuery": Object {
          "camelize": true,
          "enabled": true,
          "mutations": false,
          "optionalClient": false,
          "queryKeys": false,
          "version": "v3",
        },
        "recoil": Object {
          "enabled": false,
        },
        "types": Object {
          "aliasExecuteMsg": false,
          "enabled": true,
        },
      },
      "utils": undefined,
    },
    MessageComposerPlugin {
      "option": Object {
        "abstractApp": Object {
          "clientPrefix": "App",
          "enabled": false,
        },
        "bundle": Object {
          "bundleFile": "bundle.ts",
          "enabled": true,
          "scope": "contracts",
        },
        "client": Object {
          "enabled": true,
          "execExtendsQuery": true,
          "noImplicitOverride": false,
        },
        "enabled": true,
        "messageComposer": Object {
          "enabled": false,
        },
        "msgBuilder": Object {
          "enabled": false,
        },
        "reactQuery": Object {
          "camelize": true,
          "enabled": true,
          "mutations": false,
          "optionalClient": false,
          "queryKeys": false,
          "version": "v3",
        },
        "recoil": Object {
          "enabled": false,
        },
        "types": Object {
          "aliasExecuteMsg": false,
          "enabled": true,
        },
      },
      "utils": undefined,
    },
    ReactQueryPlugin {
      "option": Object {
        "abstractApp": Object {
          "clientPrefix": "App",
          "enabled": false,
        },
        "bundle": Object {
          "bundleFile": "bundle.ts",
          "enabled": true,
          "scope": "contracts",
        },
        "client": Object {
          "enabled": true,
          "execExtendsQuery": true,
          "noImplicitOverride": false,
        },
        "enabled": true,
        "messageComposer": Object {
          "enabled": false,
        },
        "msgBuilder": Object {
          "enabled": false,
        },
        "reactQuery": Object {
          "camelize": true,
          "enabled": true,
          "mutations": false,
          "optionalClient": false,
          "queryKeys": false,
          "version": "v3",
        },
        "recoil": Object {
          "enabled": false,
        },
        "types": Object {
          "aliasExecuteMsg": false,
          "enabled": true,
        },
      },
      "utils": undefined,
    },
    RecoilPlugin {
      "option": Object {
        "abstractApp": Object {
          "clientPrefix": "App",
          "enabled": false,
        },
        "bundle": Object {
          "bundleFile": "bundle.ts",
          "enabled": true,
          "scope": "contracts",
        },
        "client": Object {
          "enabled": true,
          "execExtendsQuery": true,
          "noImplicitOverride": false,
        },
        "enabled": true,
        "messageComposer": Object {
          "enabled": false,
        },
        "msgBuilder": Object {
          "enabled": false,
        },
        "reactQuery": Object {
          "camelize": true,
          "enabled": true,
          "mutations": false,
          "optionalClient": false,
          "queryKeys": false,
          "version": "v3",
        },
        "recoil": Object {
          "enabled": false,
        },
        "types": Object {
          "aliasExecuteMsg": false,
          "enabled": true,
        },
      },
      "utils": Object {
        "selectorFamily": "recoil",
      },
    },
    MsgBuilderPlugin {
      "option": Object {
        "abstractApp": Object {
          "clientPrefix": "App",
          "enabled": false,
        },
        "bundle": Object {
          "bundleFile": "bundle.ts",
          "enabled": true,
          "scope": "contracts",
        },
        "client": Object {
          "enabled": true,
          "execExtendsQuery": true,
          "noImplicitOverride": false,
        },
        "enabled": true,
        "messageComposer": Object {
          "enabled": false,
        },
        "msgBuilder": Object {
          "enabled": false,
        },
        "reactQuery": Object {
          "camelize": true,
          "enabled": true,
          "mutations": false,
          "optionalClient": false,
          "queryKeys": false,
          "version": "v3",
        },
        "recoil": Object {
          "enabled": false,
        },
        "types": Object {
          "aliasExecuteMsg": false,
          "enabled": true,
        },
      },
      "utils": undefined,
    },
  ],
}
`;

exports[`options undefined 1`] = `
TSBuilder {
  "files": Array [],
  "options": Object {
    "abstractApp": Object {
      "clientPrefix": "App",
      "enabled": false,
    },
    "bundle": Object {
      "bundleFile": "bundle.ts",
      "enabled": true,
      "scope": "contracts",
    },
    "client": Object {
      "enabled": true,
      "execExtendsQuery": true,
      "noImplicitOverride": false,
    },
    "enabled": true,
    "messageComposer": Object {
      "enabled": false,
    },
    "msgBuilder": Object {
      "enabled": false,
    },
    "reactQuery": Object {
      "camelize": true,
      "enabled": false,
      "mutations": false,
      "optionalClient": false,
      "queryKeys": false,
      "version": "v3",
    },
    "recoil": Object {
      "enabled": false,
    },
    "types": Object {
      "aliasExecuteMsg": false,
      "enabled": true,
    },
  },
  "plugins": Array [
    TypesPlugin {
      "option": Object {
        "abstractApp": Object {
          "clientPrefix": "App",
          "enabled": false,
        },
        "bundle": Object {
          "bundleFile": "bundle.ts",
          "enabled": true,
          "scope": "contracts",
        },
        "client": Object {
          "enabled": true,
          "execExtendsQuery": true,
          "noImplicitOverride": false,
        },
        "enabled": true,
        "messageComposer": Object {
          "enabled": false,
        },
        "msgBuilder": Object {
          "enabled": false,
        },
        "reactQuery": Object {
          "camelize": true,
          "enabled": false,
          "mutations": false,
          "optionalClient": false,
          "queryKeys": false,
          "version": "v3",
        },
        "recoil": Object {
          "enabled": false,
        },
        "types": Object {
          "aliasExecuteMsg": false,
          "enabled": true,
        },
      },
      "utils": undefined,
    },
    ClientPlugin {
      "option": Object {
        "abstractApp": Object {
          "clientPrefix": "App",
          "enabled": false,
        },
        "bundle": Object {
          "bundleFile": "bundle.ts",
          "enabled": true,
          "scope": "contracts",
        },
        "client": Object {
          "enabled": true,
          "execExtendsQuery": true,
          "noImplicitOverride": false,
        },
        "enabled": true,
        "messageComposer": Object {
          "enabled": false,
        },
        "msgBuilder": Object {
          "enabled": false,
        },
        "reactQuery": Object {
          "camelize": true,
          "enabled": false,
          "mutations": false,
          "optionalClient": false,
          "queryKeys": false,
          "version": "v3",
        },
        "recoil": Object {
          "enabled": false,
        },
        "types": Object {
          "aliasExecuteMsg": false,
          "enabled": true,
        },
      },
      "utils": undefined,
    },
    AbstractAppPlugin {
      "option": Object {
        "abstractApp": Object {
          "clientPrefix": "App",
          "enabled": false,
        },
        "bundle": Object {
          "bundleFile": "bundle.ts",
          "enabled": true,
          "scope": "contracts",
        },
        "client": Object {
          "enabled": true,
          "execExtendsQuery": true,
          "noImplicitOverride": false,
        },
        "enabled": true,
        "messageComposer": Object {
          "enabled": false,
        },
        "msgBuilder": Object {
          "enabled": false,
        },
        "reactQuery": Object {
          "camelize": true,
          "enabled": false,
          "mutations": false,
          "optionalClient": false,
          "queryKeys": false,
          "version": "v3",
        },
        "recoil": Object {
          "enabled": false,
        },
        "types": Object {
          "aliasExecuteMsg": false,
          "enabled": true,
        },
      },
      "utils": undefined,
    },
    MessageComposerPlugin {
      "option": Object {
        "abstractApp": Object {
          "clientPrefix": "App",
          "enabled": false,
        },
        "bundle": Object {
          "bundleFile": "bundle.ts",
          "enabled": true,
          "scope": "contracts",
        },
        "client": Object {
          "enabled": true,
          "execExtendsQuery": true,
          "noImplicitOverride": false,
        },
        "enabled": true,
        "messageComposer": Object {
          "enabled": false,
        },
        "msgBuilder": Object {
          "enabled": false,
        },
        "reactQuery": Object {
          "camelize": true,
          "enabled": false,
          "mutations": false,
          "optionalClient": false,
          "queryKeys": false,
          "version": "v3",
        },
        "recoil": Object {
          "enabled": false,
        },
        "types": Object {
          "aliasExecuteMsg": false,
          "enabled": true,
        },
      },
      "utils": undefined,
    },
    ReactQueryPlugin {
      "option": Object {
        "abstractApp": Object {
          "clientPrefix": "App",
          "enabled": false,
        },
        "bundle": Object {
          "bundleFile": "bundle.ts",
          "enabled": true,
          "scope": "contracts",
        },
        "client": Object {
          "enabled": true,
          "execExtendsQuery": true,
          "noImplicitOverride": false,
        },
        "enabled": true,
        "messageComposer": Object {
          "enabled": false,
        },
        "msgBuilder": Object {
          "enabled": false,
        },
        "reactQuery": Object {
          "camelize": true,
          "enabled": false,
          "mutations": false,
          "optionalClient": false,
          "queryKeys": false,
          "version": "v3",
        },
        "recoil": Object {
          "enabled": false,
        },
        "types": Object {
          "aliasExecuteMsg": false,
          "enabled": true,
        },
      },
      "utils": undefined,
    },
    RecoilPlugin {
      "option": Object {
        "abstractApp": Object {
          "clientPrefix": "App",
          "enabled": false,
        },
        "bundle": Object {
          "bundleFile": "bundle.ts",
          "enabled": true,
          "scope": "contracts",
        },
        "client": Object {
          "enabled": true,
          "execExtendsQuery": true,
          "noImplicitOverride": false,
        },
        "enabled": true,
        "messageComposer": Object {
          "enabled": false,
        },
        "msgBuilder": Object {
          "enabled": false,
        },
        "reactQuery": Object {
          "camelize": true,
          "enabled": false,
          "mutations": false,
          "optionalClient": false,
          "queryKeys": false,
          "version": "v3",
        },
        "recoil": Object {
          "enabled": false,
        },
        "types": Object {
          "aliasExecuteMsg": false,
          "enabled": true,
        },
      },
      "utils": Object {
        "selectorFamily": "recoil",
      },
    },
    MsgBuilderPlugin {
      "option": Object {
        "abstractApp": Object {
          "clientPrefix": "App",
          "enabled": false,
        },
        "bundle": Object {
          "bundleFile": "bundle.ts",
          "enabled": true,
          "scope": "contracts",
        },
        "client": Object {
          "enabled": true,
          "execExtendsQuery": true,
          "noImplicitOverride": false,
        },
        "enabled": true,
        "messageComposer": Object {
          "enabled": false,
        },
        "msgBuilder": Object {
          "enabled": false,
        },
        "reactQuery": Object {
          "camelize": true,
          "enabled": false,
          "mutations": false,
          "optionalClient": false,
          "queryKeys": false,
          "version": "v3",
        },
        "recoil": Object {
          "enabled": false,
        },
        "types": Object {
          "aliasExecuteMsg": false,
          "enabled": true,
        },
      },
      "utils": undefined,
    },
  ],
}
`;
